.................
----------------------------------------------------------------------
Ran 17 tests

OK
